\BOOKMARK [1][-]{section.1}{\376\377\000P\000r\000o\000j\000e\000c\000t\000\040\000c\000o\000n\000t\000e\000x\000t\000\040\000a\000n\000d\000\040\000h\000i\000g\000h\000-\000l\000e\000v\000e\000l\000\040\000a\000r\000c\000h\000i\000t\000e\000c\000t\000u\000r\000e}{}% 1
\BOOKMARK [1][-]{section.2}{\376\377\000M\000a\000t\000h\000e\000m\000a\000t\000i\000c\000a\000l\000\040\000m\000o\000d\000e\000l}{}% 2
\BOOKMARK [2][-]{subsection.2.1}{\376\377\000S\000t\000a\000t\000e\000\040\000a\000n\000d\000\040\000k\000i\000n\000e\000m\000a\000t\000i\000c\000s}{section.2}% 3
\BOOKMARK [2][-]{subsection.2.2}{\376\377\000O\000b\000s\000t\000a\000c\000l\000e\000s}{section.2}% 4
\BOOKMARK [1][-]{section.3}{\376\377\000H\000i\000d\000e\000r\000\040\000c\000o\000n\000t\000r\000o\000l\000l\000e\000r\000\040\000\050\000c\000f\0002\000\137\000m\000i\000l\000e\000s\000t\000o\000n\000e\0001\000.\000p\000y\000\051}{}% 5
\BOOKMARK [2][-]{subsection.3.1}{\376\377\000F\000o\000r\000c\000e\000\040\000c\000o\000m\000p\000o\000s\000i\000t\000i\000o\000n}{section.3}% 6
\BOOKMARK [2][-]{subsection.3.2}{\376\377\000L\000i\000s\000s\000a\000j\000o\000u\000s\000\040\000r\000o\000a\000m\000i\000n\000g\000\040\000p\000a\000t\000h}{section.3}% 7
\BOOKMARK [2][-]{subsection.3.3}{\376\377\000M\000o\000d\000e\000\040\000s\000w\000i\000t\000c\000h\000i\000n\000g\000:\000\040\000r\000o\000a\000m\000\040\000v\000s\000.\000\040\000h\000i\000d\000e}{section.3}% 8
\BOOKMARK [2][-]{subsection.3.4}{\376\377\000C\000o\000v\000e\000r\000-\000a\000s\000s\000i\000g\000n\000m\000e\000n\000t\000\040\000g\000e\000o\000m\000e\000t\000r\000y\000\040\000\050\000m\000u\000l\000t\000i\000-\000a\000g\000e\000n\000t\000\051}{section.3}% 9
\BOOKMARK [1][-]{section.4}{\376\377\000C\000o\000n\000s\000e\000n\000s\000u\000s\000\040\000l\000a\000w\000s\000\040\000\050\000c\000f\0002\000\137\000c\000o\000n\000s\000e\000n\000s\000u\000s\000.\000p\000y\000\051}{}% 10
\BOOKMARK [2][-]{subsection.4.1}{\376\377\000O\000b\000s\000t\000a\000c\000l\000e\000\040\000c\000o\000n\000s\000e\000n\000s\000u\000s}{section.4}% 11
\BOOKMARK [2][-]{subsection.4.2}{\376\377\000I\000n\000t\000e\000r\000-\000a\000g\000e\000n\000t\000\040\000d\000i\000s\000p\000e\000r\000s\000i\000o\000n\000\040\000c\000o\000n\000s\000e\000n\000s\000u\000s}{section.4}% 12
\BOOKMARK [1][-]{section.5}{\376\377\000S\000e\000n\000s\000i\000n\000g\000\040\000\050\000c\000f\0002\000\137\000s\000e\000n\000s\000i\000n\000g\000.\000p\000y\000\051}{}% 13
\BOOKMARK [2][-]{subsection.5.1}{\376\377\000I\000n\000t\000e\000n\000t\000\040\000h\000e\000a\000d\000i\000n\000g}{section.5}% 14
\BOOKMARK [2][-]{subsection.5.2}{\376\377\000F\000o\000V\000-\000c\000o\000n\000e\000\040\000o\000b\000s\000t\000a\000c\000l\000e\000\040\000s\000e\000n\000s\000i\000n\000g}{section.5}% 15
\BOOKMARK [1][-]{section.6}{\376\377\000S\000e\000e\000k\000e\000r\000\040\000c\000o\000n\000t\000r\000o\000l\000l\000e\000r\000\040\000\050\000r\000m\000t\000t\000\137\000s\000e\000e\000k\000e\000r\000.\000p\000y\000\051}{}% 16
\BOOKMARK [2][-]{subsection.6.1}{\376\377\000S\000w\000e\000e\000p\000\040\000p\000a\000t\000h}{section.6}% 17
\BOOKMARK [2][-]{subsection.6.2}{\376\377\000C\000o\000n\000t\000r\000o\000l\000\040\000l\000a\000w}{section.6}% 18
\BOOKMARK [2][-]{subsection.6.3}{\376\377\000S\000e\000a\000r\000c\000h\000\040\000c\000o\000n\000e\000\040\000a\000n\000d\000\040\000l\000i\000n\000e\000-\000o\000f\000-\000s\000i\000g\000h\000t}{section.6}% 19
\BOOKMARK [1][-]{section.7}{\376\377\000I\000n\000t\000e\000r\000-\000h\000i\000d\000e\000r\000\040\000c\000o\000m\000m\000u\000n\000i\000c\000a\000t\000i\000o\000n\000\040\000\050\000c\000f\0002\000\137\000h\000i\000d\000e\000r\000.\000p\000y\000\051}{}% 20
\BOOKMARK [1][-]{section.8}{\376\377\000C\000a\000t\000c\000h\000\040\000d\000e\000t\000e\000c\000t\000i\000o\000n\000\040\000\050\000g\000a\000m\000e\000\137\000r\000e\000f\000e\000r\000e\000e\000.\000p\000y\000\051}{}% 21
\BOOKMARK [1][-]{section.9}{\376\377\000V\000i\000s\000u\000a\000l\000i\000z\000a\000t\000i\000o\000n\000\040\000\050\000s\000i\000m\000\137\000v\000i\000z\000.\000p\000y\000\051}{}% 22
\BOOKMARK [1][-]{section.10}{\376\377\000S\000i\000m\000u\000l\000a\000t\000o\000r\000\040\000h\000o\000o\000k\000s\000\040\000a\000n\000d\000\040\000c\000o\000n\000t\000r\000o\000l\000l\000e\000r\000-\000l\000e\000v\000e\000l\000\040\000s\000e\000p\000a\000r\000a\000t\000i\000o\000n\000\040\000\050\000t\000p\000\137\000a\000l\000g\000o\000s\000.\000p\000y\000\051}{}% 23
\BOOKMARK [2][-]{subsection.10.1}{\376\377\0003\000D\000\040\000i\000n\000t\000e\000r\000-\000d\000r\000o\000n\000e\000\040\000b\000a\000r\000r\000i\000e\000r\000:\000\040\000a\000\040\000h\000a\000r\000d\000\040\0001\000m\000\040\000f\000l\000o\000o\000r}{section.10}% 24
\BOOKMARK [2][-]{subsection.10.2}{\376\377\000H\000o\000w\000\040\000t\000h\000e\000\040\000h\000e\000l\000p\000e\000r\000\040\000i\000s\000\040\000u\000s\000e\000d}{section.10}% 25
\BOOKMARK [2][-]{subsection.10.3}{\376\377\000H\000i\000d\000e\000r\000\040\000t\000a\000k\000e\000o\000f\000f\000\040\000h\000a\000n\000d\000s\000h\000a\000k\000e}{section.10}% 26
\BOOKMARK [1][-]{section.11}{\376\377\000S\000i\000m\000u\000l\000a\000t\000i\000o\000n\000\040\000i\000n\000f\000r\000a\000s\000t\000r\000u\000c\000t\000u\000r\000e\000\040\000\050\000s\000t\000a\000n\000d\000a\000l\000o\000n\000e\000\137\000s\000i\000m\000.\000p\000y\000\051}{}% 27
\BOOKMARK [2][-]{subsection.11.1}{\376\377\000W\000o\000r\000l\000d\000\040\000a\000n\000d\000\040\000h\000a\000r\000d\000w\000a\000r\000e\000\040\000s\000p\000e\000c\000s}{section.11}% 28
\BOOKMARK [2][-]{subsection.11.2}{\376\377\000S\000t\000a\000t\000e\000\040\000m\000a\000c\000h\000i\000n\000e}{section.11}% 29
\BOOKMARK [2][-]{subsection.11.3}{\376\377\000A\000s\000y\000n\000c\000\040\000c\000o\000n\000t\000r\000o\000l\000l\000e\000r\000\040\000e\000x\000e\000c\000u\000t\000i\000o\000n}{section.11}% 30
\BOOKMARK [2][-]{subsection.11.4}{\376\377\000C\000o\000l\000l\000i\000s\000i\000o\000n\000\040\000d\000e\000t\000e\000c\000t\000i\000o\000n}{section.11}% 31
\BOOKMARK [1][-]{section.12}{\376\377\000T\000u\000n\000a\000b\000l\000e\000s\000\040\000s\000u\000m\000m\000a\000r\000y}{}% 32
\BOOKMARK [1][-]{section.13}{\376\377\000D\000i\000s\000c\000u\000s\000s\000i\000o\000n\000\040\000a\000n\000d\000\040\000d\000e\000s\000i\000g\000n\000\040\000c\000h\000o\000i\000c\000e\000s}{}% 33
\BOOKMARK [1][-]{section.14}{\376\377\000F\000u\000t\000u\000r\000e\000\040\000w\000o\000r\000k}{}% 34
\BOOKMARK [1][-]{appendix.A}{\376\377\000F\000i\000l\000e\000\040\000l\000i\000s\000t\000i\000n\000g}{}% 35
